// Jest Snapshot v1, https://goo.gl/fbAQLP

exports[`ExecutionTaskLog --- Snapshot Capturing Snapshot of ExecutionTaskLog 1`] = `
<body
  id="app"
>
  <div>
    <aside
      class="container "
    >
      <section
        class="statusBlock completed"
      >
        <div
          class="duration"
        >
          <p
            class="title"
          >
            Duration
          </p>
          <time
            class="value"
          >
            15min
          </time>
        </div>
        <div
          class="status"
        >
          <p
            class="title"
          >
            Status
          </p>
          <div
            class="statusData"
          >
            <svg
              aria-label="completed"
              class="statusIcon"
              fill="currentColor"
              focusable="false"
              height="32"
              preserveAspectRatio="xMidYMid meet"
              role="img"
              viewBox="0 0 32 32"
              width="32"
              xmlns="http://www.w3.org/2000/svg"
            >
              <path
                d="M16,2A14,14,0,1,0,30,16,14,14,0,0,0,16,2Zm0,26A12,12,0,1,1,28,16,12,12,0,0,1,16,28Z"
              />
              <path
                d="M14 21.5L9 16.54 10.59 14.97 14 18.35 21.41 11 23 12.58 14 21.5z"
              />
            </svg>
            <p
              class="value"
            >
              Succeeded
            </p>
          </div>
        </div>
        <button
          class="collapseButton"
        >
          <svg
            aria-hidden="true"
            class="chevron"
            fill="currentColor"
            focusable="false"
            height="32"
            preserveAspectRatio="xMidYMid meet"
            viewBox="0 0 32 32"
            width="32"
            xmlns="http://www.w3.org/2000/svg"
          >
            <path
              d="M10 16L20 6 21.4 7.4 12.8 16 21.4 24.6 20 26z"
            />
          </svg>
        </button>
      </section>
      <section
        class="taskbar"
      >
        <p
          class="taskbarTitle"
        >
          Task log
        </p>
        <button
          aria-describedby="sort-tooltip"
          class="bx--tooltip__trigger bx--tooltip--a11y taskbarButton bx--tooltip--top bx--tooltip--align-center"
          data-testid="taskbar-button"
          type="button"
        >
          <span
            class="bx--assistive-text"
            id="sort-tooltip"
          >
            Change sort direction (by start time)
          </span>
          <svg
            aria-hidden="true"
            class="taskbarArrows"
            fill="currentColor"
            focusable="false"
            height="32"
            preserveAspectRatio="xMidYMid meet"
            viewBox="0 0 32 32"
            width="32"
            xmlns="http://www.w3.org/2000/svg"
          >
            <path
              d="M27.6 20.6L24 24.2 24 4 22 4 22 24.2 18.4 20.6 17 22 23 28 29 22zM9 4L3 10 4.4 11.4 8 7.8 8 28 10 28 10 7.8 13.6 11.4 15 10z"
            />
          </svg>
        </button>
      </section>
      <ul
        class="tasklog"
      >
        <li
          class="taskitem inProgress"
          id="task-ced6eda1-47b0-4b8a-bddc-1c0bf64e0b84"
          tabindex="0"
        >
          <div
            class="progressBar"
          />
          <section
            class="header"
          >
            <div
              class="title"
            >
              <svg
                aria-label="inProgress"
                class="taskIcon"
                fill="currentColor"
                focusable="false"
                height="32"
                preserveAspectRatio="xMidYMid meet"
                role="img"
                viewBox="0 0 32 32"
                width="32"
                xmlns="http://www.w3.org/2000/svg"
              >
                <path
                  d="M15 11H17V20H15zM13 2H19V4H13z"
                />
                <path
                  d="M28,9,26.58,7.59,24.33,9.84a10.94,10.94,0,1,0,1.18,1.65ZM16,26a9,9,0,1,1,9-9A9,9,0,0,1,16,26Z"
                />
              </svg>
              <p
                data-testid="taskitem-name"
                title="Email"
              >
                Email
              </p>
            </div>
            <div
              class="status inProgress"
            >
              <svg
                aria-label="inProgress"
                class="statusIcon"
                fill="currentColor"
                focusable="false"
                height="32"
                preserveAspectRatio="xMidYMid meet"
                role="img"
                viewBox="0 0 32 32"
                width="32"
                xmlns="http://www.w3.org/2000/svg"
              >
                <path
                  d="M15 11H17V20H15zM13 2H19V4H13z"
                />
                <path
                  d="M28,9,26.58,7.59,24.33,9.84a10.94,10.94,0,1,0,1.18,1.65ZM16,26a9,9,0,1,1,9-9A9,9,0,0,1,16,26Z"
                />
              </svg>
              <p>
                In Progress
              </p>
            </div>
          </section>
          <section
            class="data"
          >
            <div
              class="time"
            >
              <p
                class="timeTitle"
              >
                Start time
              </p>
              <time
                class="timeValue"
              >
                12:00:00 AM
              </time>
            </div>
            <div
              class="time"
            >
              <p
                class="timeTitle"
              >
                Duration
              </p>
              <time
                class="timeValue"
              >
                5 mins
              </time>
            </div>
          </section>
          <section
            class="data"
          />
        </li>
        <li
          class="taskitem completed"
          id="task-d53a65a5-be1b-4e58-b0e5-0173c5aabe47"
          tabindex="0"
        >
          <div
            class="progressBar"
          />
          <section
            class="header"
          >
            <div
              class="title"
            >
              <svg
                aria-label="completed"
                class="taskIcon"
                fill="currentColor"
                focusable="false"
                height="32"
                preserveAspectRatio="xMidYMid meet"
                role="img"
                viewBox="0 0 32 32"
                width="32"
                xmlns="http://www.w3.org/2000/svg"
              >
                <path
                  d="M16,2A14,14,0,1,0,30,16,14,14,0,0,0,16,2Zm0,26A12,12,0,1,1,28,16,12,12,0,0,1,16,28Z"
                />
                <path
                  d="M14 21.5L9 16.54 10.59 14.97 14 18.35 21.41 11 23 12.58 14 21.5z"
                />
              </svg>
              <p
                data-testid="taskitem-name"
                title="Slack"
              >
                Slack
              </p>
            </div>
            <div
              class="status completed"
            >
              <svg
                aria-label="completed"
                class="statusIcon"
                fill="currentColor"
                focusable="false"
                height="32"
                preserveAspectRatio="xMidYMid meet"
                role="img"
                viewBox="0 0 32 32"
                width="32"
                xmlns="http://www.w3.org/2000/svg"
              >
                <path
                  d="M16,2A14,14,0,1,0,30,16,14,14,0,0,0,16,2Zm0,26A12,12,0,1,1,28,16,12,12,0,0,1,16,28Z"
                />
                <path
                  d="M14 21.5L9 16.54 10.59 14.97 14 18.35 21.41 11 23 12.58 14 21.5z"
                />
              </svg>
              <p>
                Succeeded
              </p>
            </div>
          </section>
          <section
            class="data"
          >
            <div
              class="time"
            >
              <p
                class="timeTitle"
              >
                Start time
              </p>
              <time
                class="timeValue"
              >
                12:00:00 AM
              </time>
            </div>
            <div
              class="time"
            >
              <p
                class="timeTitle"
              >
                Duration
              </p>
              <time
                class="timeValue"
              >
                5 mins
              </time>
            </div>
          </section>
          <section
            class="data"
          />
        </li>
      </ul>
    </aside>
  </div>
</body>
`;
