// Jest Snapshot v1, https://goo.gl/fbAQLP

exports[`Schedule --- Snapshot Test Capturing Snapshot of Inputs 1`] = `
<body
  id="app"
>
  <div />
</body>
`;
