// Vitest Snapshot v1

exports[`TemplateConfigModalContent --- Snapshot > Capturing Snapshot of Task Templates 1`] = `
<body
  id="app"
>
  <div>
    <form
      class="bx--bmrg-modal-form"
    >
      <div
        aria-label="inputs"
        class="bx--modal-content"
      >
        <div
          class="bx--bmrg-text-input"
        >
          <div
            class="bx--form-item bx--text-input-wrapper"
          >
            <label
              class="bx--label"
              for="name"
            >
              <div
                class="bx--bmrg-text-input__label"
              >
                <div>
                  Name
                </div>
              </div>
            </label>
            <div
              class="bx--text-input__field-outer-wrapper"
            >
              <div
                class="bx--text-input__field-wrapper"
              >
                <input
                  class="bx--text-input bx--text-input--md"
                  id="name"
                  type="text"
                  value="test"
                />
              </div>
            </div>
          </div>
        </div>
        <div
          class="bx--bmrg-text-input"
        >
          <div
            class="bx--form-item bx--text-input-wrapper"
          >
            <label
              class="bx--label"
              for="description"
            >
              <div
                class="bx--bmrg-text-input__label"
              >
                <div>
                  Description 
                </div>
              </div>
            </label>
            <div
              class="bx--text-input__field-outer-wrapper"
            >
              <div
                class="bx--text-input__field-wrapper"
              >
                <input
                  class="bx--text-input bx--text-input--md"
                  id="description"
                  type="text"
                  value="test description"
                />
              </div>
            </div>
          </div>
        </div>
      </div>
      <div
        class="bx--modal-footer bx--btn-set"
      >
        <button
          class="bx--btn bx--btn--secondary"
          tabindex="0"
          type="button"
        >
          Cancel
        </button>
        <button
          class="bx--btn bx--btn--primary"
          tabindex="0"
          type="submit"
        >
          Create
        </button>
      </div>
    </form>
  </div>
</body>
`;
