// Jest Snapshot v1, https://goo.gl/fbAQLP

exports[`TeamPropertiesTable --- Snapshot Test Capturing Snapshot of TeamPropertiesTable 1`] = `
<body
  id="app"
>
  <div>
    <header
      class="bx--bmrg-feature-header header"
    >
      <section
        class="bx--bmrg-feature-header__content"
      >
        <div
          class="bx--bmrg-feature-header__header"
        >
          <h1
            class="bx--bmrg-feature-header-title headerTitle"
          >
            Team Parameters
          </h1>
          <p
            class="bx--bmrg-feature-header-title"
          >
            Set team parameters that are accessible in all workflows for that team.
          </p>
        </div>
      </section>
    </header>
    <div
      class="tableContainer"
    >
      <div
        class="tableHeader"
      >
        <div
          class="dropdown"
        >
          <div
            class="bx--bmrg-select"
          >
            <div
              aria-expanded="false"
              aria-haspopup="listbox"
              aria-labelledby="downshift-0-label"
              class="bx--list-box__wrapper"
              role="combobox"
            >
              <label
                class="bx--label"
                for="team-parameters-select"
                id="downshift-0-label"
              >
                <div
                  style="display: flex;"
                >
                  <div>
                    Teams
                  </div>
                </div>
              </label>
              <div
                aria-label="Choose an item"
                class="bx--combo-box bx--list-box"
              >
                <div
                  aria-haspopup="true"
                  aria-label="open menu"
                  class="bx--list-box__field"
                  data-toggle="true"
                  id="team-parameters-select"
                  role="button"
                  tabindex="-1"
                  type="button"
                >
                  <input
                    aria-autocomplete="list"
                    aria-labelledby="downshift-0-label"
                    autocomplete="off"
                    class="bx--text-input"
                    data-testid="team-parameters-combobox"
                    id="team-parameters-select"
                    placeholder="Select a team"
                    tabindex="0"
                    type="text"
                    value="Allianz"
                  />
                  <div
                    aria-label="Clear selected item"
                    class="bx--list-box__selection"
                    role="button"
                    tabindex="0"
                    title="Clear selected item"
                  >
                    <svg
                      aria-hidden="true"
                      fill="currentColor"
                      focusable="false"
                      height="16"
                      preserveAspectRatio="xMidYMid meet"
                      viewBox="0 0 32 32"
                      width="16"
                      xmlns="http://www.w3.org/2000/svg"
                    >
                      <path
                        d="M24 9.4L22.6 8 16 14.6 9.4 8 8 9.4 14.6 16 8 22.6 9.4 24 16 17.4 22.6 24 24 22.6 17.4 16 24 9.4z"
                      />
                    </svg>
                  </div>
                  <div
                    class="bx--list-box__menu-icon"
                  >
                    <svg
                      aria-label="Open menu"
                      fill="currentColor"
                      focusable="false"
                      height="16"
                      name="chevron--down"
                      preserveAspectRatio="xMidYMid meet"
                      role="img"
                      viewBox="0 0 16 16"
                      width="16"
                      xmlns="http://www.w3.org/2000/svg"
                    >
                      <path
                        d="M8 11L3 6 3.7 5.3 8 9.6 12.3 5.3 13 6z"
                      />
                      <title>
                        Open menu
                      </title>
                    </svg>
                  </div>
                </div>
              </div>
            </div>
          </div>
        </div>
        <button
          class="bx--btn bx--btn--md bx--btn--primary"
          data-testid="create-team-parameter-button"
          style="min-width: 9rem;"
          tabindex="0"
          type="button"
        >
          Create Parameter
          <svg
            aria-hidden="true"
            aria-label="Create Parameter"
            class="bx--btn__icon"
            fill="currentColor"
            focusable="false"
            height="16"
            preserveAspectRatio="xMidYMid meet"
            role="img"
            viewBox="0 0 32 32"
            width="16"
            xmlns="http://www.w3.org/2000/svg"
          >
            <path
              d="M17 15L17 8 15 8 15 15 8 15 8 17 15 17 15 24 17 24 17 17 24 17 24 15z"
            />
          </svg>
        </button>
      </div>
      <div
        class="bx--bmrg-error-page"
      >
        <h1
          class="bx--bmrg-error-page__title"
        >
          No team parameters
        </h1>
        <section
          class="bx--bmrg-error-page__graphic"
        >
          <svg
            data-name="Layer 1"
            id="prefix__Layer_1"
            viewBox="0 0 672.11 555.74"
          >
            <defs>
              <style>
                .prefix__cls-1{fill:#dde1e6}.prefix__cls-3{fill:#121619}.prefix__cls-4{fill:#21272a}.prefix__cls-5{fill:#3ddbd9}.prefix__cls-6{fill:#878d96}.prefix__cls-7{fill:#f2f4f8}.prefix__cls-10{fill:#08bdba}.prefix__cls-11{fill:#343a3f}
              </style>
            </defs>
            <path
              class="prefix__cls-1"
              d="M478.21 189c-72-21.18-74.78-66.95-130.85-107.35-51.4-37-140.21-31.47-197.75 31.83-59.35 65.25-112.47 68.79-113.36 127.9C35.33 303 101 315 133.78 364.71c19.66 29.83 11.11 107.41 44.75 135.24 81.25 67.22 147.54-26.86 231-51.13 72.8-21.18 110.83 14.29 173.75-13 46.93-20.39 83.16-123.14 63.61-172.48C616 185.57 550.64 210.28 478.21 189z"
            />
            <circle
              class="prefix__cls-1"
              cx="558.88"
              cy="130.35"
              r="9.74"
            />
            <circle
              class="prefix__cls-1"
              cx="503.86"
              cy="198.89"
              r="14.08"
            />
            <circle
              class="prefix__cls-1"
              cx="496.64"
              cy="438.99"
              r="22.63"
            />
            <circle
              class="prefix__cls-1"
              cx="157.04"
              cy="409.03"
              r="29.53"
            />
            <circle
              class="prefix__cls-1"
              cx="124.23"
              cy="140.62"
              r="32.81"
            />
            <circle
              class="prefix__cls-1"
              cx="525.81"
              cy="132.63"
              r="4.87"
            />
            <circle
              class="prefix__cls-1"
              cx="532.21"
              cy="163.91"
              r="6.4"
            />
            <circle
              class="prefix__cls-1"
              cx="112.95"
              cy="65"
              r="6.4"
            />
            <circle
              class="prefix__cls-1"
              cx="78.98"
              cy="34.41"
              r="11.58"
            />
            <circle
              class="prefix__cls-1"
              cx="75.18"
              cy="405.52"
              r="16.24"
            />
            <circle
              class="prefix__cls-1"
              cx="467.32"
              cy="479.36"
              r="7.08"
            />
            <circle
              class="prefix__cls-1"
              cx="485.3"
              cy="517.42"
              r="7.08"
            />
            <circle
              class="prefix__cls-1"
              cx="36.24"
              cy="488.49"
              r="8.12"
            />
            <circle
              class="prefix__cls-1"
              cx="71.6"
              cy="96.44"
              r="11.37"
            />
            <circle
              class="prefix__cls-1"
              cx="417.41"
              cy="508.11"
              r="9.31"
            />
            <circle
              class="prefix__cls-1"
              cx="97.24"
              cy="461.62"
              r="10.68"
            />
            <path
              d="M458.55 204c-61.44-18.07-63.8-57.13-111.65-91.6-43.9-31.62-119.63-26.88-168.73 27.13-50.64 55.7-96 58.72-96.72 109.16-.78 52.54 55.26 62.8 83.22 105.23 16.78 25.45 9.47 91.65 38.18 115.39 69.33 57.36 125.89-22.92 197.06-43.63 62.11-18.07 94.57 12.2 148.25-11.12 40-17.39 71-105.07 54.28-147.16-26.29-66.33-82.09-45.25-143.89-63.4z"
              fill="#c1c7cd"
            />
            <path
              class="prefix__cls-1"
              d="M326.55 288a75.26 75.26 0 00-15.3 3c-4.53 1.52-8.61 4.87-13.79 9.11-9.29 7.62-22 18-46.57 25.3l-1.26.35a2 2 0 00-.5.13c-15.87 4.18-45.77 5.89-50.36-8.45-3.32-10.36-2-20.54-.64-30.38.4-3 .78-5.86 1-8.69.63-7.24-1-13.27-2.72-19.65-1.81-6.71-3.67-13.64-3.1-22.77a12.6 12.6 0 014.83-9.61c4.51-3.57 12.1-5.35 23-5.35 8.27 0 18.44 1 30.58 3.11 25.74 4.38 41.94 27.76 52.66 43.23 2.24 3.24 4.18 6 6 8.32 5.86 7.51 13.78 7.49 19.57 7.46 2.49 0 5.06 0 5.81.74a2.07 2.07 0 01.38 1.45c-.05 1.51-4.9 2.09-9.59 2.7z"
            />
            <path
              class="prefix__cls-3"
              d="M338.72 280.76c-2-2-5.17-2-8.83-2-5.45 0-11.63 0-16.21-5.83-1.71-2.19-3.61-4.94-5.82-8.12-11.13-16.06-27.94-40.32-55.44-45-29.74-5.07-47.81-4.08-56.89 3.11a16.83 16.83 0 00-6.44 12.68c-.62 9.83 1.43 17.43 3.24 24.13.38 1.42.76 2.81 1.1 4.21l-29.61-15.81a2.13 2.13 0 00-2.85 2.93c.08.14 7.62 13.64 2.06 27.73s-.15 25.06.08 25.52a2.13 2.13 0 001.9 1.17 2.07 2.07 0 00.9-.2l27.21-12.62c-.92 8.19-1.27 17 1.59 26 3.53 11 17.16 14.39 31 14.39a102.81 102.81 0 0021.49-2.39c-1.08 2.79-4.06 7.57-12.28 13.27a2.13 2.13 0 001.21 3.88 1.73 1.73 0 00.32 0c28-4.26 36.53-23.69 37.77-27 11.83-5.92 19.66-12.33 26-17.49 4.84-4 8.66-7.1 12.45-8.37a72.06 72.06 0 0114.44-2.79c7.13-.85 13.29-1.59 13.29-6.94a6.06 6.06 0 00-1.68-4.46zm-172.55 19.73a29.82 29.82 0 01.82-20.12c4-10.13 2.16-19.75.17-25.61l27.4 14.62a35 35 0 01.36 8.55c-.24 2.73-.61 5.53-1 8.5-.06.42-.11.84-.17 1.27zm78.41 41.06c5.52-5.39 7-9.72 7.36-12.09h.16a140 140 0 0016-5.74c-3.2 5.2-10.1 13.51-23.52 17.83zm82-53.6a75.26 75.26 0 00-15.3 3c-4.53 1.52-8.61 4.87-13.79 9.11-9.29 7.62-22 18-46.57 25.3l-1.26.35a2 2 0 00-.5.13c-15.87 4.18-45.77 5.89-50.36-8.45-3.32-10.36-2-20.54-.64-30.38.4-3 .78-5.86 1-8.69.63-7.24-1-13.27-2.72-19.65-1.81-6.71-3.67-13.64-3.1-22.77a12.6 12.6 0 014.83-9.61c4.51-3.57 12.1-5.35 23-5.35 8.27 0 18.44 1 30.58 3.11 25.74 4.38 41.94 27.76 52.66 43.23 2.24 3.24 4.18 6 6 8.32 5.86 7.51 13.78 7.49 19.57 7.46 2.49 0 5.06 0 5.81.74a2.07 2.07 0 01.38 1.45c-.08 1.56-4.93 2.14-9.62 2.75z"
            />
            <path
              class="prefix__cls-3"
              d="M221.05 234.18c-2.26-.32-5.05.74-7.47 2.84a14 14 0 00-5 10.33c0 3.34 3.43 12.15 11.13 12.15 5 0 11.28-2.05 12.84-11.82a11 11 0 00-1.74-8.57c-1.93-2.63-5.22-4.29-9.76-4.93zm7.31 12.82c-.91 5.69-3.57 8.23-8.64 8.23-4.66 0-6.87-6.33-6.87-7.89a9.77 9.77 0 013.52-7.12 6.63 6.63 0 013.84-1.85h.24c3.38.48 5.71 1.57 7 3.25a6.92 6.92 0 01.91 5.38zM285.11 262a3 3 0 00-3.21 2.54c0 1.38-.55 5.24 2.55 6.28a3.85 3.85 0 003.35-.75 4.25 4.25 0 001.25-2 4.9 4.9 0 000-2.55c-.13-.62-1.25-3.52-3.94-3.52z"
            />
            <path
              class="prefix__cls-4"
              d="M271.19 276.92c-.92-9.81-12.59-20.66-19.42-24.82a9.16 9.16 0 00-8.84-.32s3 3 7.6 8c4.18 4.58 10.29 11.13 11 18.94s-3.69 15-6.93 21c-3.43 6.38-6.17 11.14-6.17 11.14s4.28 1.39 7.18-1.46c6.44-6.33 16.62-21.25 15.58-32.48z"
            />
            <path
              class="prefix__cls-4"
              d="M252.18 279.33c-.65-6.91-8.88-14.56-13.69-17.49a6.46 6.46 0 00-6.23-.22s2.15 2.11 5.36 5.62c2.95 3.23 7.25 7.84 7.76 13.35s-2.6 10.56-4.88 14.8c-2.42 4.49-4.36 7.85-4.36 7.85s3 1 5.07-1c4.53-4.48 11.71-14.99 10.97-22.91z"
            />
            <path
              class="prefix__cls-5"
              d="M166.17 300.49a29.82 29.82 0 01.82-20.12c4-10.13 2.16-19.75.17-25.61l27.4 14.62a35 35 0 01.36 8.55c-.24 2.73-.61 5.53-1 8.5-.06.42-.11.84-.17 1.27zM244.58 341.55c5.52-5.39 7-9.72 7.36-12.09h.16a140 140 0 0016-5.74c-3.2 5.2-10.1 13.51-23.52 17.83zM228.36 247c-.91 5.69-3.57 8.23-8.64 8.23-4.66 0-6.87-6.33-6.87-7.89a9.77 9.77 0 013.52-7.12 6.63 6.63 0 013.84-1.85h.24c3.38.48 5.71 1.57 7 3.25a6.92 6.92 0 01.91 5.38z"
            />
            <path
              class="prefix__cls-6"
              d="M436.33 322.8h.86l15.89.78 23.79 1.16q13.28.64 26.56 1.24 12.12.54 24.25 1c2.46.09 4.92.18 7.38.25-3.79 1.27-7.54 2.65-11.29 4-2.41.88-4.81 1.75-7.23 2.6-1.52.53-3 1.09-4.61 1.49h-3c-9.39-.14-18.77-.48-28.15-.92q-14.4-.66-28.77-1.61-12.72-.79-25.47-1.79-9.15-.69-18.3-1.45l-.49-.05 1.38-.35c4.78-1.16 9.64-1.89 14.47-2.81a59.69 59.69 0 0012.73-3.54z"
            />
            <path
              class="prefix__cls-7"
              d="M445.08 335.15a.66.66 0 000-.14c3.4.23 6.8.46 10.2.67l9.13.55a1.23 1.23 0 00-.39.88c-.14 3.26-.24 6.52-.42 9.78v.22l-.6.15a15.56 15.56 0 01-1.79.2c-1.41.08-2.83 0-4.24 0l-8.59-.19-2.12-.05c-.14 0-1.16-.07-1.7-.08V347l.05-1.07c0-.71.07-1.42.1-2.14.1-2.86.29-5.79.37-8.64z"
            />
            <path
              d="M525.29 293.94a185.61 185.61 0 008.43 17.81 106.84 106.84 0 007.93 13c-5.5-.08-11-.28-16.5-.48q-12.37-.47-24.74-1-13.26-.6-26.51-1.25l-23.17-1.13-8.6-.42a20.38 20.38 0 003.63-4.17 25 25 0 003.82-14.77 39.58 39.58 0 00-4.64-16c11.4.48 22.81.55 34.22.58 14.49 0 29 .14 43.46.62.77 2.41 1.7 4.83 2.67 7.21z"
              fill="#697077"
            />
            <path
              class="prefix__cls-7"
              d="M479.5 283.39c-5.79 0-11.57 0-17.35-.12l.48-1.23c.13-.32.27-.63.41-1h1.29c3.05 0 6.09.08 9.14.18 2.19.08 4.43.12 6.63.36-.19.64-.38 1.23-.6 1.81z"
            />
            <path
              d="M419 283.68c7.3.69 14.6 1.24 21.91 1.61h1a1.64 1.64 0 00.15.44 44 44 0 013.56 8.47 26.76 26.76 0 01.41 15 18.51 18.51 0 01-7.68 10.67 1.55 1.55 0 00-.36.31h-.24c-1.62-3-3.18-6-4.64-9.12-2.12-4.48-4-9.05-6.21-13.5a135 135 0 00-7.9-13.88z"
              fill="#4d5358"
            />
            <path
              class="prefix__cls-10"
              d="M544.49 324.05a68.73 68.73 0 01-4.23-6.27 172 172 0 01-9.26-17.49 114.13 114.13 0 01-5.85-14.52l.36-.29.43-.32.18-.12c.35-.24.71-.48 1.08-.71a34.39 34.39 0 015.82-2.86 26 26 0 015.6-1.41c1.89.1 3.77.2 5.65.32a13.23 13.23 0 011.92.66 14.48 14.48 0 015.92 5.47 24.7 24.7 0 013.82 9.37c1.87 10.64-4.52 20.63-11.44 28.17zM514.4 391.49c-.8.28-1.61.54-2.43.77h-.11v-.34c-.05-.72-.09-1.44-.13-2.15-.1-1.68-.17-3.37-.22-5.05-.24-7.76-.17-15.53.09-23.28.28-7.92.76-15.85 1.75-23.72 1.55-.45 3.07-1 4.58-1.54 5.12-1.8 10.2-3.71 15.32-5.49 2.32-.81 4.65-1.6 7-2.31.87-.25 1.74-.5 2.63-.71h.11q-.39 7-.73 14c-.26 5.51-.47 11-.69 16.52-.31 7.62-.71 15.22-1.13 22.83L535.8 383c-4.94 2.07-9.9 4.12-14.89 6.07-2.33.93-4.2 1.63-6.51 2.42z"
            />
            <path
              class="prefix__cls-5"
              d="M530.31 279.61h.12a32.86 32.86 0 00-5.07 2.7 14.45 14.45 0 00-2.31 1.7q-12.91-.45-25.82-.55c-5-.05-9.92-.06-14.89-.07.28-.82.52-1.65.83-2.45a1.36 1.36 0 00-1.17-1.74 43.56 43.56 0 00-5.35-.47c-3.91-.2-7.82-.29-11.74-.31a12.87 12.87 0 00-2.91.05c-.94.21-1.26 1.31-1.59 2.08s-.73 1.78-1.07 2.68h-1q-19.32-.37-38.55-2.15a14.53 14.53 0 012.44-1.83 19.45 19.45 0 017.51-2.57l.85-.1h4.42c6.71 0 13.42.11 20.13.27 8.6.21 17.21.49 25.81.79q13.33.48 26.67 1c7.5.27 15.1.6 22.69.97zM400.31 385.09c.44-4.49.78-9 .93-13.48.21-6.07 0-12.13-.05-18.2a191 191 0 011.18-21.66c2.48.24 5 .41 7.46.62q9.66.79 19.34 1.52 6.63.5 13.26.95v.19l-.51 11.21a4.54 4.54 0 00.25 2.56 2.36 2.36 0 001.93 1c1.55.13 3.14.07 4.69.11 3.29.07 6.58.17 9.87.22a26.68 26.68 0 004.81-.28 3.68 3.68 0 002.11-.89 2.85 2.85 0 00.71-1.9c.21-3.28.28-6.58.43-9.87a1.26 1.26 0 00-.29-.89q8.93.5 17.87.9c8.77.38 17.55.67 26.33.78-.5 4.08-.87 8.17-1.15 12.27-.56 8.38-.8 16.79-.78 25.18 0 5.66.07 11.35.54 17-5.47-.33-10.94-.53-16.42-.76-7.92-.33-15.84-.65-23.76-1-8.89-.41-17.78-.86-26.67-1.41-8.26-.51-16.51-1.09-24.74-1.9-3.47-.34-6.93-.72-10.38-1.19-1.48-.2-2.95-.41-4.42-.66l-1-.17-.38-.07-.26-.05z"
            />
            <path
              class="prefix__cls-11"
              d="M397.52 386.1a1.35 1.35 0 00.93 1.33l1.77.35c6.53 1.22 13.16 1.91 19.77 2.53 8.43.77 16.87 1.35 25.32 1.85 8.86.52 17.72.95 26.59 1.35 7.76.34 15.52.65 23.28 1 5.14.22 10.29.4 15.43.75a1.16 1.16 0 00.42-.05 21.67 21.67 0 004.61-1.31c5.08-1.78 10.07-3.82 15.05-5.86 3.89-1.6 7.76-3.24 11.64-4.86a1.11 1.11 0 00.57-.56 1.59 1.59 0 00.15-.57q.44-7.83.82-15.68c.26-5.51.47-11 .69-16.52.32-7.73.72-15.45 1.15-23.18a55 55 0 0010.61-15.32 27.44 27.44 0 001.57-18.93 27.86 27.86 0 00-5.44-10 15 15 0 00-7-4.56l-.5-.13h-.12a17.92 17.92 0 00-6.19-.37c-3.51-.19-7-.36-10.55-.53q-11.75-.56-23.5-1-13.41-.55-26.82-1-12.69-.44-25.38-.74c-6.39-.14-12.79-.27-19.19-.19a10.91 10.91 0 00-1.4 0 21.17 21.17 0 00-15.46 6.94 1.35 1.35 0 00-1.13 2c2.13 3.22 4.18 6.49 6.07 9.85 2.48 4.41 4.6 9 6.67 13.6 2.17 4.86 4.47 9.65 7 14.35a43.07 43.07 0 01-6.29 2c-9.18 2.27-18.86 2.8-27.68 6.42a1.07 1.07 0 00-.77.45v.06a1.38 1.38 0 00-.23.65v.07c-.54 4.85-1 9.72-1.18 14.6-.26 6.06-.06 12.12 0 18.19a204.72 204.72 0 01-1.28 23.02zm38.81-63.3h.86l15.89.78 23.79 1.16q13.28.64 26.56 1.24 12.12.54 24.25 1c2.46.09 4.92.18 7.38.25-3.79 1.27-7.54 2.65-11.29 4-2.41.88-4.81 1.75-7.23 2.6-1.52.53-3 1.09-4.61 1.49h-3c-9.39-.14-18.77-.48-28.15-.92q-14.4-.66-28.77-1.61-12.72-.79-25.47-1.79-9.15-.69-18.3-1.45l-.49-.05 1.38-.35c4.78-1.16 9.64-1.89 14.47-2.81a59.69 59.69 0 0012.73-3.54zm8.75 12.35a.66.66 0 000-.14c3.4.23 6.8.46 10.2.67l9.13.55a1.23 1.23 0 00-.39.88c-.14 3.26-.24 6.52-.42 9.78v.22l-.6.15a15.56 15.56 0 01-1.79.2c-1.41.08-2.83 0-4.24 0l-8.59-.19-2.12-.05c-.14 0-1.16-.07-1.7-.08V347l.05-1.07c0-.71.07-1.42.1-2.14.1-2.86.29-5.79.37-8.64zm80.21-41.21a185.61 185.61 0 008.43 17.81 106.84 106.84 0 007.93 13c-5.5-.08-11-.28-16.5-.48q-12.37-.47-24.74-1-13.26-.6-26.51-1.25l-23.17-1.13-8.6-.42a20.38 20.38 0 003.63-4.17 25 25 0 003.82-14.77 39.58 39.58 0 00-4.64-16c11.4.48 22.81.55 34.22.58 14.49 0 29 .14 43.46.62.77 2.41 1.7 4.83 2.67 7.21zm-45.79-10.55c-5.79 0-11.57 0-17.35-.12l.48-1.23c.13-.32.27-.63.41-1h1.29c3.05 0 6.09.08 9.14.18 2.19.08 4.43.12 6.63.36-.19.64-.38 1.23-.6 1.81zm-16.27-2.72c.06-.13.07-.09 0 0zm-44.23 3c7.3.69 14.6 1.24 21.91 1.61h1a1.64 1.64 0 00.15.44 44 44 0 013.56 8.47 26.76 26.76 0 01.41 15 18.51 18.51 0 01-7.68 10.67 1.55 1.55 0 00-.36.31h-.24c-1.62-3-3.18-6-4.64-9.12-2.12-4.48-4-9.05-6.21-13.5a135 135 0 00-7.9-13.87zm111.31-4.07h.12a32.86 32.86 0 00-5.07 2.7 14.45 14.45 0 00-2.31 1.7q-12.91-.45-25.82-.55c-5-.05-9.92-.06-14.89-.07.28-.82.52-1.65.83-2.45a1.36 1.36 0 00-1.17-1.73 43.56 43.56 0 00-5.35-.47c-3.91-.2-7.82-.29-11.74-.31a12.87 12.87 0 00-2.91.05c-.94.21-1.26 1.31-1.59 2.08s-.73 1.78-1.07 2.68h-1q-19.32-.37-38.55-2.15a14.53 14.53 0 012.44-1.83 19.45 19.45 0 017.51-2.57l.85-.1h4.42c6.71 0 13.42.11 20.13.27 8.6.21 17.21.49 25.81.79q13.33.48 26.67 1c7.5.27 15.1.6 22.69.97zm14.18 44.44a68.73 68.73 0 01-4.23-6.27 172 172 0 01-9.26-17.48 114.13 114.13 0 01-5.85-14.52l.36-.29.43-.32.18-.12c.35-.24.71-.48 1.08-.71a34.39 34.39 0 015.82-2.86 26 26 0 015.6-1.41c1.89.1 3.77.2 5.65.32a13.23 13.23 0 011.92.66 14.48 14.48 0 015.92 5.47 24.7 24.7 0 013.82 9.37c1.87 10.64-4.52 20.63-11.44 28.17zm-30.09 67.45c-.8.28-1.61.54-2.43.77h-.11v-.34c-.05-.72-.09-1.44-.13-2.15-.1-1.68-.17-3.37-.22-5.05-.24-7.76-.17-15.53.09-23.28.28-7.92.76-15.85 1.75-23.72 1.55-.45 3.07-1 4.58-1.54 5.12-1.8 10.2-3.71 15.32-5.49 2.32-.81 4.65-1.6 7-2.31.87-.25 1.74-.5 2.63-.71h.11q-.39 7-.73 14c-.26 5.51-.47 11-.69 16.52-.31 7.62-.71 15.22-1.13 22.83L535.8 383c-4.94 2.07-9.9 4.12-14.89 6.07-2.33.93-4.2 1.63-6.51 2.42zm-114.09-6.4c.44-4.49.78-9 .93-13.48.21-6.07 0-12.13-.05-18.2a191 191 0 011.18-21.66c2.48.24 5 .41 7.46.62q9.66.79 19.34 1.52 6.63.5 13.26.95v.19l-.51 11.21a4.54 4.54 0 00.25 2.56 2.36 2.36 0 001.93 1c1.55.13 3.14.07 4.69.11 3.29.07 6.58.17 9.87.22a26.68 26.68 0 004.81-.28 3.68 3.68 0 002.11-.89 2.85 2.85 0 00.71-1.9c.21-3.28.28-6.58.43-9.87a1.26 1.26 0 00-.29-.89q8.93.5 17.87.9c8.77.38 17.55.67 26.33.78-.5 4.08-.87 8.17-1.15 12.27-.56 8.38-.8 16.79-.78 25.18 0 5.66.07 11.35.54 17-5.47-.33-10.94-.53-16.42-.76-7.92-.33-15.84-.65-23.76-1-8.89-.41-17.78-.86-26.67-1.41-8.26-.51-16.51-1.09-24.74-1.9-3.47-.34-6.93-.72-10.38-1.19-1.48-.2-2.95-.41-4.42-.66l-1-.17-.38-.07-.26-.05z"
            />
            <path
              class="prefix__cls-11"
              d="M461.7 361.32c-10.66.41-21.33 1.2-32 .6a91 91 0 01-17.7-2.63c-1.67-.43-.84-3 .82-2.55 10.26 2.64 20.92 2.92 31.45 2.63s21.36-1.18 32-.88a102.68 102.68 0 0117.92 1.95 1.34 1.34 0 01.86 1.69 1.37 1.37 0 01-1.68.86c-10.37-2.13-21.11-2.07-31.67-1.67zM409.22 369.39q15.9.18 31.8.66t31.79 1.26q8.94.44 17.88 1a1.34 1.34 0 01-.12 2.68q-15.88-.94-31.77-1.59t-31.79-1q-9-.19-17.91-.3c-1.72-.1-1.6-2.73.12-2.71zM536.67 352a78.71 78.71 0 00-17.46 6.43 1.34 1.34 0 01-1.25-2.37 81.91 81.91 0 0118.11-6.68 1.34 1.34 0 01.6 2.62zM517.24 368.48c3-1.09 6-2.35 9-3.47a54.61 54.61 0 019.48-2.63c1.69-.31 2.29 2.3.59 2.61a53.34 53.34 0 00-9.2 2.53c-3.09 1.16-6.12 2.45-9.23 3.58a1.35 1.35 0 01-1.6-1 1.37 1.37 0 01.96-1.62zM451.86 336.9a1.94 1.94 0 011.34-.23 1.17 1.17 0 01.48-.22 1.81 1.81 0 011.77.58 4.11 4.11 0 01.74 1.44 2.9 2.9 0 01-.39 2.84 2.7 2.7 0 01-.64.53l-.09 1.36a4.25 4.25 0 01-.1.95 1.51 1.51 0 01-1.18 1 1.79 1.79 0 01-1.91-1 3.62 3.62 0 01-.17-1.85l.07-1.23a3 3 0 01-1-1.52 2.38 2.38 0 011.08-2.65z"
            />
            <circle
              class="prefix__cls-6"
              cx="393.17"
              cy="248.69"
              r="9.74"
            />
            <circle
              class="prefix__cls-6"
              cx="379.24"
              cy="276.47"
              r="4.87"
            />
            <circle
              class="prefix__cls-6"
              cx="379.24"
              cy="208.78"
              r="4.2"
            />
            <circle
              class="prefix__cls-6"
              cx="359.19"
              cy="176.25"
              r="2.82"
            />
            <circle
              class="prefix__cls-6"
              cx="413.85"
              cy="216.66"
              r="2.82"
            />
            <circle
              class="prefix__cls-6"
              cx="399.58"
              cy="299.66"
              r="6.4"
            />
            <circle
              class="prefix__cls-6"
              cx="367.53"
              cy="230.19"
              r="5.52"
            />
          </svg>
        </section>
      </div>
    </div>
  </div>
  <div
    class="bx--bmrg-modal-portal"
  />
</body>
`;
