// Jest Snapshot v1, https://goo.gl/fbAQLP

exports[`TaskResults --- Snapshot Capturing Snapshot of TaskResults 1`] = `
<body
  id="app"
>
  <div>
    <button
      class="bx--btn bx--btn--sm bx--btn--ghost"
      tabindex="0"
      type="button"
    >
      View Results
    </button>
  </div>
  <div
    class="bx--bmrg-modal-portal"
  />
</body>
`;
