// Jest Snapshot v1, https://goo.gl/fbAQLP

exports[`ScriptNodeDesigner --- Snapshot Capturing Snapshot of ScriptNodeDesigner 1`] = `
<body
  id="app"
>
  <div />
</body>
`;
