// Vitest Snapshot v1

exports[`Teams --- Snapshot Test > Capturing Snapshot of Teams 1`] = `
<body
  id="app"
>
  <div>
    <header
      class="cds--bmrg-feature-header"
    >
      <section
        class="cds--bmrg-feature-header__content"
      >
        <div
          class="cds--bmrg-feature-header__header"
        >
          <h1
            class="cds--bmrg-feature-header-title"
            style="margin: 0px;"
          >
            Teams
          </h1>
          <p
            class="cds--bmrg-feature-header-title"
          >
            View and manage Flow teams
          </p>
        </div>
      </section>
    </header>
    <div
      class="_content_861edb css-1aaedcz"
    >
      <div
        class="css-2o893x"
      >
        <div
          aria-labelledby="flow-teams-search"
          class="cds--search cds--search--md"
          role="search"
        >
          <div
            class="cds--search-magnifier"
          >
            <svg
              aria-hidden="true"
              class="cds--search-magnifier-icon"
              fill="currentColor"
              focusable="false"
              height="16"
              preserveAspectRatio="xMidYMid meet"
              viewBox="0 0 16 16"
              width="16"
              xmlns="http://www.w3.org/2000/svg"
            >
              <path
                d="M15,14.3L10.7,10c1.9-2.3,1.6-5.8-0.7-7.7S4.2,0.7,2.3,3S0.7,8.8,3,10.7c2,1.7,5,1.7,7,0l4.3,4.3L15,14.3z M2,6.5 C2,4,4,2,6.5,2S11,4,11,6.5S9,11,6.5,11S2,9,2,6.5z"
              />
            </svg>
          </div>
          <label
            class="cds--label"
            for="flow-teams"
            id="flow-teams-search"
          >
            Search teams
          </label>
          <input
            autocomplete="off"
            class="cds--search-input"
            id="flow-teams"
            placeholder="Search teams"
            role="searchbox"
            type="text"
            value=""
          />
          <button
            aria-label="Clear search input"
            class="cds--search-close cds--search-close--hidden"
            title="Clear search input"
            type="button"
          >
            <svg
              aria-hidden="true"
              fill="currentColor"
              focusable="false"
              height="16"
              preserveAspectRatio="xMidYMid meet"
              viewBox="0 0 32 32"
              width="16"
              xmlns="http://www.w3.org/2000/svg"
            >
              <path
                d="M24 9.4L22.6 8 16 14.6 9.4 8 8 9.4 14.6 16 8 22.6 9.4 24 16 17.4 22.6 24 24 22.6 17.4 16 24 9.4z"
              />
            </svg>
          </button>
        </div>
      </div>
      <button
        class="_createTeamTrigger_861edb cds--btn cds--btn--md cds--btn--primary"
        tabindex="0"
        type="button"
      >
        Create Team
      </button>
      <div
        class="cds--data-table-container"
      >
        <div
          class="cds--data-table-content"
        >
          <table
            class="cds--data-table cds--data-table--sort"
          >
            <thead>
              <tr>
                <th
                  aria-sort="none"
                  id="name"
                  scope="col"
                >
                  <div
                    id="table-sort-4"
                    style="display: none;"
                  >
                    Click to sort rows by Name header in ascending order
                  </div>
                  <button
                    aria-describedby="table-sort-4"
                    class="cds--table-sort"
                    type="button"
                  >
                    <span
                      class="cds--table-sort__flex"
                    >
                      <div
                        class="cds--table-header-label"
                      >
                        Name
                      </div>
                      <svg
                        aria-hidden="true"
                        class="cds--table-sort__icon"
                        fill="currentColor"
                        focusable="false"
                        height="20"
                        preserveAspectRatio="xMidYMid meet"
                        viewBox="0 0 32 32"
                        width="20"
                        xmlns="http://www.w3.org/2000/svg"
                      >
                        <path
                          d="M16 4L6 14 7.41 15.41 15 7.83 15 28 17 28 17 7.83 24.59 15.41 26 14 16 4z"
                        />
                      </svg>
                      <svg
                        aria-hidden="true"
                        class="cds--table-sort__icon-unsorted"
                        fill="currentColor"
                        focusable="false"
                        height="20"
                        preserveAspectRatio="xMidYMid meet"
                        viewBox="0 0 32 32"
                        width="20"
                        xmlns="http://www.w3.org/2000/svg"
                      >
                        <path
                          d="M27.6 20.6L24 24.2 24 4 22 4 22 24.2 18.4 20.6 17 22 23 28 29 22zM9 4L3 10 4.4 11.4 8 7.8 8 28 10 28 10 7.8 13.6 11.4 15 10z"
                        />
                      </svg>
                    </span>
                  </button>
                </th>
                <th
                  id="users"
                  scope="col"
                >
                  <div
                    class="cds--table-header-label"
                  >
                    # of Users
                  </div>
                </th>
                <th
                  id="workflows"
                  scope="col"
                >
                  <div
                    class="cds--table-header-label"
                  >
                    # of Workflows
                  </div>
                </th>
                <th
                  id="isActive"
                  scope="col"
                >
                  <div
                    class="cds--table-header-label"
                  >
                    Active
                  </div>
                </th>
              </tr>
            </thead>
            <tbody
              aria-live="polite"
            >
              <tr
                class="_tableRow_861edb"
                data-testid="user-list-table-row"
                tabindex="-1"
              >
                <td>
                  WDC2 ISE Dev
                </td>
                <td>
                  2
                </td>
                <td>
                  ---
                </td>
                <td
                  id="5e7cccb94bbc6e0001c51773:isActive"
                >
                  <div
                    class="cds--form-item cds--checkbox-wrapper"
                  >
                    <input
                      checked=""
                      class="cds--checkbox"
                      id="check-5e7cccb94bbc6e0001c51773:isActive"
                      type="checkbox"
                    />
                    <label
                      class="cds--checkbox-label"
                      for="check-5e7cccb94bbc6e0001c51773:isActive"
                    >
                      <span
                        class="cds--checkbox-label-text cds--visually-hidden"
                        dir="auto"
                      >
                        checkbox
                      </span>
                    </label>
                  </div>
                </td>
              </tr>
              <tr
                class="_tableRow_861edb"
                data-testid="user-list-table-row"
                tabindex="-1"
              >
                <td>
                  WDC2 ISE QA
                </td>
                <td>
                  1
                </td>
                <td>
                  ---
                </td>
                <td
                  id="6e7cccb94bbc6e0001c51773:isActive"
                >
                  <div
                    class="cds--form-item cds--checkbox-wrapper"
                  >
                    <input
                      checked=""
                      class="cds--checkbox"
                      id="check-6e7cccb94bbc6e0001c51773:isActive"
                      type="checkbox"
                    />
                    <label
                      class="cds--checkbox-label"
                      for="check-6e7cccb94bbc6e0001c51773:isActive"
                    >
                      <span
                        class="cds--checkbox-label-text cds--visually-hidden"
                        dir="auto"
                      >
                        checkbox
                      </span>
                    </label>
                  </div>
                </td>
              </tr>
              <tr
                class="_tableRow_861edb"
                data-testid="user-list-table-row"
                tabindex="-1"
              >
                <td>
                  IBM Services Engineering
                </td>
                <td>
                  ---
                </td>
                <td>
                  3
                </td>
                <td
                  id="5e3a35ad8c222700018ccd39:isActive"
                >
                  <div
                    class="cds--form-item cds--checkbox-wrapper"
                  >
                    <input
                      class="cds--checkbox"
                      id="check-5e3a35ad8c222700018ccd39:isActive"
                      type="checkbox"
                    />
                    <label
                      class="cds--checkbox-label"
                      for="check-5e3a35ad8c222700018ccd39:isActive"
                    >
                      <span
                        class="cds--checkbox-label-text cds--visually-hidden"
                        dir="auto"
                      >
                        checkbox
                      </span>
                    </label>
                  </div>
                </td>
              </tr>
              <tr
                class="_tableRow_861edb"
                data-testid="user-list-table-row"
                tabindex="-1"
              >
                <td>
                  IBM Services Essentials
                </td>
                <td>
                  ---
                </td>
                <td>
                  1
                </td>
                <td
                  id="5e3a35ad8c222700018ccd38:isActive"
                >
                  <div
                    class="cds--form-item cds--checkbox-wrapper"
                  >
                    <input
                      class="cds--checkbox"
                      id="check-5e3a35ad8c222700018ccd38:isActive"
                      type="checkbox"
                    />
                    <label
                      class="cds--checkbox-label"
                      for="check-5e3a35ad8c222700018ccd38:isActive"
                    >
                      <span
                        class="cds--checkbox-label-text cds--visually-hidden"
                        dir="auto"
                      >
                        checkbox
                      </span>
                    </label>
                  </div>
                </td>
              </tr>
            </tbody>
          </table>
        </div>
      </div>
      <div
        class="cds--pagination cds--pagination--md"
      >
        <div
          class="cds--pagination__left"
        >
          <label
            class="cds--pagination__text"
            for="cds-pagination-select-id-8"
            id="cds-pagination-select-id-8-count-label"
          >
            Items per page:
          </label>
          <div
            class="cds--form-item cds--select__item-count"
          >
            <div
              class="cds--select cds--select--inline"
            >
              <div
                class="cds--select-input--inline__wrapper"
              >
                <div
                  class="cds--select-input__wrapper"
                >
                  <select
                    class="cds--select-input"
                    id="cds-pagination-select-id-8"
                  >
                    <option
                      class="cds--select-option"
                      value="10"
                    >
                      10
                    </option>
                    <option
                      class="cds--select-option"
                      value="20"
                    >
                      20
                    </option>
                    <option
                      class="cds--select-option"
                      value="50"
                    >
                      50
                    </option>
                    <option
                      class="cds--select-option"
                      value="100"
                    >
                      100
                    </option>
                  </select>
                  <svg
                    aria-hidden="true"
                    class="cds--select__arrow"
                    fill="currentColor"
                    focusable="false"
                    height="16"
                    preserveAspectRatio="xMidYMid meet"
                    viewBox="0 0 16 16"
                    width="16"
                    xmlns="http://www.w3.org/2000/svg"
                  >
                    <path
                      d="M8 11L3 6 3.7 5.3 8 9.6 12.3 5.3 13 6z"
                    />
                  </svg>
                </div>
              </div>
            </div>
          </div>
          <span
            class="cds--pagination__text cds--pagination__items-count"
          >
            1–2 of 2 items
          </span>
        </div>
        <div
          class="cds--pagination__right"
        >
          <div
            class="cds--form-item cds--select__page-number"
          >
            <div
              class="cds--select cds--select--inline"
            >
              <label
                class="cds--label cds--visually-hidden"
                for="cds-pagination-select-id-8-right"
              >
                Page number, of 1 pages
              </label>
              <div
                class="cds--select-input--inline__wrapper"
              >
                <div
                  class="cds--select-input__wrapper"
                >
                  <select
                    class="cds--select-input"
                    id="cds-pagination-select-id-8-right"
                  >
                    <option
                      class="cds--select-option"
                      value="1"
                    >
                      1
                    </option>
                  </select>
                  <svg
                    aria-hidden="true"
                    class="cds--select__arrow"
                    fill="currentColor"
                    focusable="false"
                    height="16"
                    preserveAspectRatio="xMidYMid meet"
                    viewBox="0 0 16 16"
                    width="16"
                    xmlns="http://www.w3.org/2000/svg"
                  >
                    <path
                      d="M8 11L3 6 3.7 5.3 8 9.6 12.3 5.3 13 6z"
                    />
                  </svg>
                </div>
              </div>
            </div>
          </div>
          <span
            class="cds--pagination__text"
          >
            of 1 page
          </span>
          <div
            class="cds--pagination__control-buttons"
          >
            <span
              class="cds--popover-container cds--popover--caret cds--popover--high-contrast cds--popover--top cds--tooltip cds--icon-tooltip"
            >
              <button
                aria-labelledby="tooltip-9"
                class="cds--btn--icon-only cds--pagination__button cds--pagination__button--backward cds--pagination__button--no-index cds--btn cds--btn--md cds--btn--ghost cds--btn--disabled"
                disabled=""
                tabindex="0"
                type="button"
              >
                <svg
                  aria-hidden="true"
                  fill="currentColor"
                  focusable="false"
                  height="16"
                  preserveAspectRatio="xMidYMid meet"
                  viewBox="0 0 32 32"
                  width="16"
                  xmlns="http://www.w3.org/2000/svg"
                >
                  <path
                    d="M20 24L10 16 20 8z"
                  />
                </svg>
              </button>
              <span
                aria-hidden="true"
                class="cds--popover"
                id="tooltip-9"
                role="tooltip"
              >
                <span
                  class="cds--popover-content cds--tooltip-content"
                >
                  Previous page
                </span>
                <span
                  class="cds--popover-caret"
                />
              </span>
            </span>
            <span
              class="cds--popover-container cds--popover--caret cds--popover--high-contrast cds--popover--top-right cds--tooltip cds--icon-tooltip"
            >
              <button
                aria-labelledby="tooltip-11"
                class="cds--btn--icon-only cds--pagination__button cds--pagination__button--forward cds--pagination__button--no-index cds--btn cds--btn--md cds--btn--ghost cds--btn--disabled"
                disabled=""
                tabindex="0"
                type="button"
              >
                <svg
                  aria-hidden="true"
                  fill="currentColor"
                  focusable="false"
                  height="16"
                  preserveAspectRatio="xMidYMid meet"
                  viewBox="0 0 32 32"
                  width="16"
                  xmlns="http://www.w3.org/2000/svg"
                >
                  <path
                    d="M12 8L22 16 12 24z"
                  />
                </svg>
              </button>
              <span
                aria-hidden="true"
                class="cds--popover"
                id="tooltip-11"
                role="tooltip"
              >
                <span
                  class="cds--popover-content cds--tooltip-content"
                >
                  Next page
                </span>
                <span
                  class="cds--popover-caret"
                />
              </span>
            </span>
          </div>
        </div>
      </div>
    </div>
  </div>
  <div
    class="cds--bmrg-modal-portal"
  />
</body>
`;
