// Vitest Snapshot v1

exports[`TaskExecutionLog --- Snapshot > Capturing Snapshot of TaskExecutionLog 1`] = `
<body
  id="app"
>
  <div>
    <button
      class="_trigger_d45153 bx--btn bx--btn--sm bx--btn--ghost"
      tabindex="0"
      type="button"
    >
      View Log
    </button>
  </div>
  <div
    class="bx--bmrg-modal-portal"
  />
</body>
`;
