// Jest Snapshot v1, https://goo.gl/fbAQLP

exports[`CreateWorkflowContent --- Snapshot Test Capturing Snapshot of CreateWorkflowContent 1`] = `
<body
  id="app"
>
  <div>
    <div
      aria-label="inputs"
      class="bx--modal-content formBody"
    >
      <div
        class="teamAndName"
      >
        <div
          class="bx--bmrg-select"
        >
          <div
            aria-expanded="false"
            aria-haspopup="listbox"
            aria-labelledby="downshift-0-label"
            class="bx--list-box__wrapper"
            role="combobox"
          >
            <label
              class="bx--label"
              for="selectedTeam"
              id="downshift-0-label"
            >
              <div
                style="display: flex;"
              >
                <div>
                  Team
                </div>
              </div>
            </label>
            <div
              aria-label="Choose an item"
              class="bx--combo-box bx--list-box"
            >
              <div
                aria-haspopup="true"
                aria-label="open menu"
                class="bx--list-box__field"
                data-toggle="true"
                id="selectedTeam"
                role="button"
                tabindex="-1"
                type="button"
              >
                <input
                  aria-autocomplete="list"
                  aria-labelledby="downshift-0-label"
                  autocomplete="off"
                  class="bx--text-input bx--text-input--empty"
                  id="selectedTeam"
                  placeholder="Select a team"
                  styles="[object Object]"
                  tabindex="0"
                  type="text"
                  value=""
                />
                
                <div
                  class="bx--list-box__menu-icon"
                >
                  <svg
                    aria-label="Open menu"
                    fill="currentColor"
                    focusable="false"
                    height="16"
                    name="chevron--down"
                    preserveAspectRatio="xMidYMid meet"
                    role="img"
                    viewBox="0 0 16 16"
                    width="16"
                    xmlns="http://www.w3.org/2000/svg"
                  >
                    <path
                      d="M8 11L3 6 3.7 5.3 8 9.6 12.3 5.3 13 6z"
                    />
                    <title>
                      Open menu
                    </title>
                  </svg>
                </div>
              </div>
            </div>
          </div>
        </div>
        <div
          class="bx--bmrg-text-input"
        >
          <div
            class="bx--form-item bx--text-input-wrapper"
          >
            <label
              class="bx--label"
              for="name"
            >
              <div
                class="bx--bmrg-text-input__label"
              >
                <div>
                  Workflow Name
                </div>
              </div>
            </label>
            <div
              class="bx--text-input__field-outer-wrapper"
            >
              <div
                class="bx--text-input__field-wrapper"
              >
                <input
                  class="bx--text-input bx--text__input"
                  id="name"
                  type="text"
                  value=""
                />
              </div>
            </div>
          </div>
        </div>
      </div>
      <div
        class="bx--bmrg-text-input"
      >
        <div
          class="bx--form-item bx--text-input-wrapper"
        >
          <label
            class="bx--label"
            for="summary"
          >
            <div
              class="bx--bmrg-text-input__label"
            >
              <div>
                Summary
              </div>
            </div>
          </label>
          <div
            class="bx--text-input__field-outer-wrapper"
          >
            <div
              class="bx--text-input__field-wrapper"
            >
              <input
                class="bx--text-input bx--text__input"
                id="summary"
                type="text"
                value=""
              />
            </div>
          </div>
        </div>
      </div>
      <div
        class="bx--bmrg-text-area"
      >
        <div
          class="bx--form-item"
        >
          <label
            class="bx--label"
            for="description"
          >
            <div
              style="display: flex;"
            >
              <div>
                Description
              </div>
            </div>
          </label>
          <div
            class="bx--text-area__wrapper"
          >
            <textarea
              class="bx--text-area"
              cols="50"
              id="description"
              rows="4"
              style="resize: none; width: 100%;"
            />
          </div>
        </div>
      </div>
      <h2
        class="iconsTitle"
      >
        Pick an icon (any icon)
      </h2>
      <div
        class="icons"
      >
        <label
          class="icon --active"
        >
          <input
            checked=""
            readonly=""
            type="radio"
            value="api"
          />
          <svg
            alt="api icon"
            aria-hidden="true"
            fill="currentColor"
            focusable="false"
            height="16"
            preserveAspectRatio="xMidYMid meet"
            viewBox="0 0 32 32"
            width="16"
            xmlns="http://www.w3.org/2000/svg"
          >
            <path
              d="M26,22a3.86,3.86,0,0,0-2,.57l-3.09-3.1a6,6,0,0,0,0-6.94L24,9.43A3.86,3.86,0,0,0,26,10a4,4,0,1,0-4-4,3.86,3.86,0,0,0,.57,2l-3.1,3.09a6,6,0,0,0-6.94,0L9.43,8A3.86,3.86,0,0,0,10,6a4,4,0,1,0-4,4,3.86,3.86,0,0,0,2-.57l3.09,3.1a6,6,0,0,0,0,6.94L8,22.57A3.86,3.86,0,0,0,6,22a4,4,0,1,0,4,4,3.86,3.86,0,0,0-.57-2l3.1-3.09a6,6,0,0,0,6.94,0L22.57,24A3.86,3.86,0,0,0,22,26a4,4,0,1,0,4-4ZM26,4a2,2,0,1,1-2,2A2,2,0,0,1,26,4ZM4,6A2,2,0,1,1,6,8,2,2,0,0,1,4,6ZM6,28a2,2,0,1,1,2-2A2,2,0,0,1,6,28Zm10-8a4,4,0,1,1,4-4A4,4,0,0,1,16,20Zm10,8a2,2,0,1,1,2-2A2,2,0,0,1,26,28Z"
            />
          </svg>
        </label>
        <label
          class="icon"
        >
          <input
            readonly=""
            type="radio"
            value="document"
          />
          <svg
            alt="document icon"
            aria-hidden="true"
            fill="currentColor"
            focusable="false"
            height="16"
            preserveAspectRatio="xMidYMid meet"
            viewBox="0 0 32 32"
            width="16"
            xmlns="http://www.w3.org/2000/svg"
          >
            <path
              d="M25.7,9.3l-7-7C18.5,2.1,18.3,2,18,2H8C6.9,2,6,2.9,6,4v24c0,1.1,0.9,2,2,2h16c1.1,0,2-0.9,2-2V10C26,9.7,25.9,9.5,25.7,9.3	z M18,4.4l5.6,5.6H18V4.4z M24,28H8V4h8v6c0,1.1,0.9,2,2,2h6V28z"
            />
            <path
              d="M10 22H22V24H10zM10 16H22V18H10z"
            />
          </svg>
        </label>
        <label
          class="icon"
        >
          <input
            readonly=""
            type="radio"
            value="flow"
          />
          <svg
            alt="flow icon"
            aria-hidden="true"
            fill="currentColor"
            focusable="false"
            height="16"
            preserveAspectRatio="xMidYMid meet"
            viewBox="0 0 32 32"
            width="16"
            xmlns="http://www.w3.org/2000/svg"
          >
            <path
              d="M20,23H11.86a4.17,4.17,0,0,0-.43-1L22,11.43A3.86,3.86,0,0,0,24,12a4,4,0,1,0-3.86-5H11.86a4,4,0,1,0,0,2h8.28a4.17,4.17,0,0,0,.43,1L10,20.57A3.86,3.86,0,0,0,8,20a4,4,0,1,0,3.86,5H20v3h8V20H20ZM8,10a2,2,0,1,1,2-2A2,2,0,0,1,8,10ZM24,6a2,2,0,1,1-2,2A2,2,0,0,1,24,6ZM8,26a2,2,0,1,1,2-2A2,2,0,0,1,8,26Zm14-4h4v4H22Z"
            />
          </svg>
        </label>
        <label
          class="icon"
        >
          <input
            readonly=""
            type="radio"
            value="Email"
          />
          <svg
            alt="Email icon"
            aria-hidden="true"
            fill="currentColor"
            focusable="false"
            height="16"
            preserveAspectRatio="xMidYMid meet"
            viewBox="0 0 32 32"
            width="16"
            xmlns="http://www.w3.org/2000/svg"
          >
            <path
              d="M28,6H4A2,2,0,0,0,2,8V24a2,2,0,0,0,2,2H28a2,2,0,0,0,2-2V8A2,2,0,0,0,28,6ZM25.8,8,16,14.78,6.2,8ZM4,24V8.91l11.43,7.91a1,1,0,0,0,1.14,0L28,8.91V24Z"
            />
          </svg>
        </label>
        <label
          class="icon"
        >
          <input
            readonly=""
            type="radio"
            value="notify"
          />
          <svg
            alt="notify icon"
            aria-hidden="true"
            fill="currentColor"
            focusable="false"
            height="16"
            preserveAspectRatio="xMidYMid meet"
            viewBox="0 0 16 16"
            width="16"
            xmlns="http://www.w3.org/2000/svg"
          >
            <path
              d="M14.4,10.1L13,8.8V6.5c0-2.6-1.9-4.7-4.5-5v-1h-1v1C5,1.8,3,3.9,3,6.5v2.3l-1.4,1.3c-0.1,0.1-0.2,0.2-0.1,0.4V12	c0,0.3,0.2,0.5,0.4,0.5c0,0,0,0,0.1,0h3.5C5.5,13.9,6.6,15,8,15s2.5-1.1,2.5-2.5H14c0.3,0,0.5-0.2,0.5-0.4c0,0,0,0,0-0.1v-1.5	C14.5,10.4,14.4,10.2,14.4,10.1z M8,14c-0.8,0-1.5-0.7-1.5-1.5h3C9.5,13.3,8.8,14,8,14z M13.5,11.5h-11v-0.8l1.3-1.4	C3.9,9.3,4,9.1,4,9V6.5c0-2.2,1.8-4,4-4s4,1.8,4,4V9c0,0.1,0.1,0.3,0.1,0.4l1.4,1.3V11.5z"
            />
          </svg>
        </label>
        <label
          class="icon"
        >
          <input
            readonly=""
            type="radio"
            value="schedule"
          />
          <svg
            alt="schedule icon"
            aria-hidden="true"
            fill="currentColor"
            focusable="false"
            height="16"
            preserveAspectRatio="xMidYMid meet"
            viewBox="0 0 32 32"
            width="16"
            xmlns="http://www.w3.org/2000/svg"
          >
            <path
              d="M21,30a8,8,0,1,1,8-8A8,8,0,0,1,21,30Zm0-14a6,6,0,1,0,6,6A6,6,0,0,0,21,16Z"
            />
            <path
              d="M22.59 25L20 22.41 20 18 22 18 22 21.59 24 23.59 22.59 25z"
            />
            <path
              d="M28,6a2,2,0,0,0-2-2H22V2H20V4H12V2H10V4H6A2,2,0,0,0,4,6V26a2,2,0,0,0,2,2h4V26H6V6h4V8h2V6h8V8h2V6h4v6h2Z"
            />
          </svg>
        </label>
        <label
          class="icon"
        >
          <input
            readonly=""
            type="radio"
            value="upload"
          />
          <svg
            alt="upload icon"
            aria-hidden="true"
            fill="currentColor"
            focusable="false"
            height="16"
            preserveAspectRatio="xMidYMid meet"
            viewBox="0 0 16 16"
            width="16"
            xmlns="http://www.w3.org/2000/svg"
          >
            <path
              d="M3 9L3.7 9.7 7.5 5.9 7.5 15 8.5 15 8.5 5.9 12.3 9.7 13 9 8 4zM3 4V2h10v2h1V2c0-.6-.4-1-1-1H3C2.4 1 2 1.4 2 2v2H3z"
            />
          </svg>
        </label>
      </div>
    </div>
    <div
      class="bx--modal-footer bx--btn-set"
    >
      <button
        class="bx--btn bx--btn--secondary"
        tabindex="0"
        type="button"
      >
        Cancel
      </button>
      <button
        class="bx--btn bx--btn--primary bx--btn--disabled"
        data-testid="workflows-create-workflow-submit"
        disabled=""
        tabindex="0"
        type="button"
      >
        Create
      </button>
    </div>
  </div>
</body>
`;
