// Jest Snapshot v1, https://goo.gl/fbAQLP

exports[`CreateTemplateWorkflow --- Snapshot Test Capturing Snapshot of CreateTemplateWorkflow 1`] = `
<body
  id="app"
>
  <div>
    <button
      class="bx--btn bx--btn--field bx--btn--ghost"
      data-testid="workflows-create-workflow-template-button"
      tabindex="0"
      type="button"
    >
      <svg
        aria-hidden="true"
        class="addIcon"
        fill="currentColor"
        focusable="false"
        height="32"
        preserveAspectRatio="xMidYMid meet"
        viewBox="0 0 32 32"
        width="32"
        xmlns="http://www.w3.org/2000/svg"
      >
        <path
          d="M26 6v4H6V6H26m0-2H6A2 2 0 004 6v4a2 2 0 002 2H26a2 2 0 002-2V6a2 2 0 00-2-2zM10 16V26H6V16h4m0-2H6a2 2 0 00-2 2V26a2 2 0 002 2h4a2 2 0 002-2V16a2 2 0 00-2-2zM26 16V26H16V16H26m0-2H16a2 2 0 00-2 2V26a2 2 0 002 2H26a2 2 0 002-2V16a2 2 0 00-2-2z"
        />
      </svg>
      <p
        class="text"
      >
        Templates
      </p>
      <svg
        aria-hidden="true"
        class="bx--btn__icon"
        fill="currentColor"
        focusable="false"
        height="32"
        preserveAspectRatio="xMidYMid meet"
        viewBox="0 0 32 32"
        width="32"
        xmlns="http://www.w3.org/2000/svg"
      >
        <path
          d="M17 15L17 8 15 8 15 15 8 15 8 17 15 17 15 24 17 24 17 17 24 17 24 15z"
        />
      </svg>
    </button>
  </div>
  <div
    class="bx--bmrg-modal-portal"
  />
</body>
`;
