// Jest Snapshot v1, https://goo.gl/fbAQLP

exports[`CreateEditPropertiesContent --- Snapshot Test Capturing Snapshot of CreateEditPropertiesContent 1`] = `
<body
  id="app"
>
  <div>
    <form
      class="bx--bmrg-modal-flow-form"
    >
      <div
        aria-label="inputs"
        class="bx--modal-content"
      >
        <div
          class="bx--bmrg-text-input"
        >
          <div
            class="bx--form-item bx--text-input-wrapper"
          >
            <label
              class="bx--label"
              for="key"
            >
              <div
                class="bx--bmrg-text-input__label"
              >
                <div>
                  Key
                </div>
              </div>
            </label>
            <div
              class="bx--text-input__field-outer-wrapper"
            >
              <div
                class="bx--text-input__field-wrapper"
              >
                <input
                  class="bx--text-input bx--text-input--md"
                  data-testid="create-parameter-key"
                  id="key"
                  name="key"
                  type="text"
                  value="test.key"
                />
              </div>
            </div>
          </div>
        </div>
        <div
          class="bx--bmrg-text-input"
        >
          <div
            class="bx--form-item bx--text-input-wrapper"
          >
            <label
              class="bx--label"
              for="label"
            >
              <div
                class="bx--bmrg-text-input__label"
              >
                <div>
                  Label
                </div>
              </div>
            </label>
            <div
              class="bx--text-input__field-outer-wrapper"
            >
              <div
                class="bx--text-input__field-wrapper"
              >
                <input
                  class="bx--text-input bx--text-input--md"
                  data-testid="create-parameter-label"
                  id="label"
                  name="label"
                  type="text"
                  value=""
                />
              </div>
            </div>
          </div>
        </div>
        <div
          class="bx--bmrg-text-input"
        >
          <div
            class="bx--form-item bx--text-input-wrapper"
          >
            <label
              class="bx--label"
              for="description"
            >
              <div
                class="bx--bmrg-text-input__label"
              >
                <div>
                  Description (optional)
                </div>
              </div>
            </label>
            <div
              class="bx--text-input__field-outer-wrapper"
            >
              <div
                class="bx--text-input__field-wrapper"
              >
                <input
                  class="bx--text-input bx--text-input--md"
                  data-testid="create-parameter-description"
                  id="description"
                  name="description"
                  type="text"
                  value=""
                />
              </div>
            </div>
          </div>
        </div>
        <div
          class="bx--bmrg-text-input"
        >
          <div
            class="bx--form-item bx--text-input-wrapper"
          >
            <label
              class="bx--label"
              for="value"
            >
              <div
                class="bx--bmrg-text-input__label"
              >
                <div>
                  Value
                </div>
              </div>
            </label>
            <div
              class="bx--text-input__field-outer-wrapper"
            >
              <div
                class="bx--text-input__field-wrapper"
              >
                <input
                  class="bx--text-input bx--text-input--md"
                  data-testid="create-parameter-value"
                  id="value"
                  name="value"
                  placeholder="Value"
                  title="Value"
                  type="text"
                  value="testing"
                />
              </div>
            </div>
          </div>
        </div>
        <div
          class="bx--bmrg-toggle__container"
        >
          <div
            class="bx--bmrg-toggle --vertical"
          >
            <div
              class="bx--bmrg-toggle__title"
            >
              <label
                class="bx--label"
                for="secured-global-parameters-toggle"
                id="secured-global-parameters-toggle-label"
                style="margin-bottom: 0px;"
              >
                Secured
              </label>
            </div>
            <div
              class="bx--form-item"
            >
              <input
                aria-labelledby="secured-global-parameters-toggle-label"
                class="bx--toggle-input"
                data-testid="secured-global-parameters-toggle"
                disabled=""
                id="secured-global-parameters-toggle"
                name="secured"
                type="checkbox"
              />
              <label
                aria-label="Toggle"
                class="bx--toggle-input__label"
                for="secured-global-parameters-toggle"
              >
                <span
                  class="bx--toggle__switch"
                >
                  <span
                    aria-hidden="true"
                    class="bx--toggle__text--off"
                  />
                  <span
                    aria-hidden="true"
                    class="bx--toggle__text--on"
                  />
                </span>
              </label>
            </div>
          </div>
          <div
            class="bx--form__helper-text"
            style="margin-bottom: 0px;"
          >
            Once a parameter is created, secured state will not be able to be updated
          </div>
        </div>
      </div>
      <div
        class="bx--modal-footer bx--btn-set"
      >
        <button
          class="bx--btn bx--btn--secondary"
          tabindex="0"
          type="button"
        >
          Cancel
        </button>
        <button
          class="bx--btn bx--btn--primary"
          data-testid="global-parameter-create-submission-button"
          tabindex="0"
          type="submit"
        >
          Save
        </button>
      </div>
    </form>
  </div>
</body>
`;
