// Vitest Snapshot v1

exports[`CreateEditPropertiesContent --- Snapshot Test > Capturing Snapshot of CreateEditPropertiesContent 1`] = `
<body
  id="app"
>
  <div>
    <form
      class="cds--bmrg-modal-flow-form"
    >
      <div
        aria-label="inputs"
        class="cds--modal-content"
      >
        <div
          class="cds--bmrg-text-input"
        >
          <div
            class="cds--form-item cds--text-input-wrapper"
          >
            <div
              class="cds--text-input__label-wrapper"
            >
              <label
                class="cds--label"
                for="key"
              >
                <div
                  class="cds--bmrg-text-input__label"
                >
                  <div>
                    Key
                  </div>
                </div>
              </label>
            </div>
            <div
              class="cds--text-input__field-outer-wrapper"
            >
              <div
                class="cds--text-input__field-wrapper"
              >
                <input
                  class="cds--text-input cds--text-input--md"
                  data-testid="create-parameter-key"
                  id="key"
                  name="key"
                  type="text"
                  value="test.key"
                />
              </div>
            </div>
          </div>
        </div>
        <div
          class="cds--bmrg-text-input"
        >
          <div
            class="cds--form-item cds--text-input-wrapper"
          >
            <div
              class="cds--text-input__label-wrapper"
            >
              <label
                class="cds--label"
                for="label"
              >
                <div
                  class="cds--bmrg-text-input__label"
                >
                  <div>
                    Label
                  </div>
                </div>
              </label>
            </div>
            <div
              class="cds--text-input__field-outer-wrapper"
            >
              <div
                class="cds--text-input__field-wrapper"
              >
                <input
                  class="cds--text-input cds--text-input--md"
                  data-testid="create-parameter-label"
                  id="label"
                  name="label"
                  type="text"
                  value=""
                />
              </div>
            </div>
          </div>
        </div>
        <div
          class="cds--bmrg-text-input"
        >
          <div
            class="cds--form-item cds--text-input-wrapper"
          >
            <div
              class="cds--text-input__label-wrapper"
            >
              <label
                class="cds--label"
                for="description"
              >
                <div
                  class="cds--bmrg-text-input__label"
                >
                  <div>
                    Description (optional)
                  </div>
                </div>
              </label>
            </div>
            <div
              class="cds--text-input__field-outer-wrapper"
            >
              <div
                class="cds--text-input__field-wrapper"
              >
                <input
                  class="cds--text-input cds--text-input--md"
                  data-testid="create-parameter-description"
                  id="description"
                  name="description"
                  type="text"
                  value=""
                />
              </div>
            </div>
          </div>
        </div>
        <div
          class="cds--bmrg-text-input"
        >
          <div
            class="cds--form-item cds--text-input-wrapper"
          >
            <div
              class="cds--text-input__label-wrapper"
            >
              <label
                class="cds--label"
                for="value"
              >
                <div
                  class="cds--bmrg-text-input__label"
                >
                  <div>
                    Value
                  </div>
                </div>
              </label>
            </div>
            <div
              class="cds--text-input__field-outer-wrapper"
            >
              <div
                class="cds--text-input__field-wrapper"
              >
                <input
                  class="cds--text-input cds--text-input--md"
                  data-testid="create-parameter-value"
                  id="value"
                  name="value"
                  placeholder="Value"
                  title="Value"
                  type="text"
                  value="testing"
                />
              </div>
            </div>
          </div>
        </div>
        <div
          class="cds--bmrg-toggle__container"
        >
          <div
            class="cds--bmrg-toggle --vertical"
          >
            <div
              class="cds--bmrg-toggle__title"
            >
              <label
                class="cds--label"
                for="secured-global-parameters-toggle"
                id="secured-global-parameters-toggle-label"
                style="margin-bottom: 0px;"
              >
                Secured
              </label>
            </div>
            <div
              class="cds--toggle cds--toggle--disabled"
            >
              <button
                aria-checked="false"
                aria-labelledby="secured-global-parameters-toggle-label"
                class="cds--toggle__button"
                data-testid="secured-global-parameters-toggle"
                disabled=""
                id="secured-global-parameters-toggle"
                name="secured"
                role="switch"
                type="button"
              />
              <label
                class="cds--toggle__label"
                for="secured-global-parameters-toggle"
              >
                <span
                  class="cds--toggle__label-text"
                />
                <div
                  class="cds--toggle__appearance"
                >
                  <div
                    class="cds--toggle__switch"
                  />
                  <span
                    aria-hidden="true"
                    class="cds--toggle__text"
                  />
                </div>
              </label>
            </div>
          </div>
          <div
            class="cds--form__helper-text"
            style="margin-bottom: 0px;"
          >
            Once a parameter is created, secured state will not be able to be updated
          </div>
        </div>
      </div>
      <div
        class="cds--modal-footer cds--btn-set"
      >
        <button
          class="cds--btn cds--btn--secondary"
          tabindex="0"
          type="button"
        >
          Cancel
        </button>
        <button
          class="cds--btn cds--btn--primary"
          data-testid="global-parameter-create-submission-button"
          tabindex="0"
          type="submit"
        >
          Save
        </button>
      </div>
    </form>
  </div>
</body>
`;
