// Jest Snapshot v1, https://goo.gl/fbAQLP

exports[`CreateServiceTokenButton --- Snapshot Capturing Snapshot of CreateServiceTokenButton 1`] = `
<body
  id="app"
>
  <div>
    <button
      class="bx--btn bx--btn--field bx--btn--primary"
      data-testid="create-token-button"
      style="width: 12rem;"
      tabindex="0"
      type="button"
    >
      Create Token
      <svg
        aria-hidden="true"
        aria-label="Create Token"
        class="bx--btn__icon"
        fill="currentColor"
        focusable="false"
        height="16"
        preserveAspectRatio="xMidYMid meet"
        role="img"
        viewBox="0 0 32 32"
        width="16"
        xmlns="http://www.w3.org/2000/svg"
      >
        <path
          d="M17 15L17 8 15 8 15 15 8 15 8 17 15 17 15 24 17 24 17 17 24 17 24 15z"
        />
      </svg>
    </button>
  </div>
  <div
    class="bx--bmrg-modal-portal"
  />
</body>
`;
