// Vitest Snapshot v1

exports[`WorkflowActivity --- Snapshot > Capturing Snapshot of WorkflowActivity 1`] = `
<body
  id="app"
>
  <div />
</body>
`;
